Microchip MPLAB XC8 Compiler V2.20

Linker command line:

-W-3 --edf=C:\Program Files\Microchip\xc8\v2.20\pic\dat\en_msgs.txt -cn \
  -h+dist/default/production\interrupciones2.X.production.sym \
  --cmf=dist/default/production\interrupciones2.X.production.cmf -z \
  -Q18F4550 -oC:\Users\USER\AppData\Local\Temp\s71c.2 \
  --defsym=__MPLAB_BUILD=1 \
  -Mdist/default/production/interrupciones2.X.production.map -E1 \
  -ver=XC8 Compiler --acfsm=1493 -ASTACK=083h-07FFh -pstack=STACK \
  -ACODE=00h-07FFFh -ACONST=00h-07FFFh -ASMALLCONST=0800h-08FFhx120 \
  -AMEDIUMCONST=0800h-07FFFh -ACOMRAM=01h-05Fh -AABS1=00h-07FFh \
  -ABIGRAM=01h-07FFh -ARAM=060h-0FFh,0100h-01FFhx7 -ABANK0=060h-0FFh \
  -ABANK1=0100h-01FFh -ABANK2=0200h-02FFh -ABANK3=0300h-03FFh \
  -ABANK4=0400h-04FFh -ABANK5=0500h-05FFh -ABANK6=0600h-06FFh \
  -ABANK7=0700h-07FFh -ASFR=0F60h-0FFFh -ACONFIG=0300000h-030000Dh \
  -AIDLOC=0200000h-0200007h \
  -preset_vec=00h,intcode,intcodelo=018h,powerup,init -pramtop=0800h \
  -psmallconst=SMALLCONST -pmediumconst=MEDIUMCONST -pconst=CONST \
  -AFARRAM=00h-00h -AEEDATA=0F00000h-0F000FFh -peeprom_data=EEDATA \
  -prdata=COMRAM,nvrram=COMRAM,nvbit=COMRAM,rbss=COMRAM,rbit=COMRAM \
  -pfarbss=FARRAM,fardata=FARRAM,nvFARRAM=FARRAM \
  -pintsave_regs=BIGRAM,bigbss=BIGRAM,bigdata=BIGRAM -pbss=RAM \
  -pidata=CODE,irdata=CODE,ibigdata=CODE,ifardata=CODE -prparam=COMRAM \
  C:\Users\USER\AppData\Local\Temp\s71c.o \
  dist/default/production\interrupciones2.X.production.o 

Object code version is 3.11

Machine type is 18F4550



                Name                               Link     Load   Length Selector   Space Scale
C:\Users\USER\AppData\Local\Temp\s71c.o
                idloc                            200000   200000        8        0       5
                config                           300000   300000        E        0       4
                init                                 E8       E8        4        C       0
                reset_vec                             0        0        4        0       0
dist/default/production\interrupciones2.X.production.o
                intcodelo                            18       18       D0        C       0
                idloc                            200000   200000        8        0       5
                config                           300000   300000        E        0       4
                temp                                 4A       4A        1        1       1
                smallconst                          800      800       16      400       0
                text7                              1530     1530      14C      40B       0
                text6                              13E4     13E4      14C      40B       0
                text4                               C40      C40      39C      40B       0
                text3                               816      816      42A      40B       0
                text2                              167C     167C      108      40B       0
                text1                              1230     1230      1B4      40B       0
                text0                               FDC      FDC      254      40B       0
                cstackCOMRAM                          1        1       49        1       1
                cstackBANK0                          60       60       23       60       1
                cinit                              1784     1784       12      40B       0

TOTAL           Name                               Link     Load   Length     Space
        CLASS   STACK          

        CLASS   CODE           
                intcodelo                            18       18       D0         0
                init                                 E8       E8        4         0
                reset_vec                             0        0        4         0
                text7                              1530     1530      14C         0
                text6                              13E4     13E4      14C         0
                text4                               C40      C40      39C         0
                text3                               816      816      42A         0
                text2                              167C     167C      108         0
                text1                              1230     1230      1B4         0
                text0                               FDC      FDC      254         0
                cinit                              1784     1784       12         0

        CLASS   CONST          

        CLASS   SMALLCONST     
                smallconst                          800      800       16         0

        CLASS   MEDIUMCONST    

        CLASS   COMRAM         
                temp                                 4A       4A        1         1
                cstackCOMRAM                          1        1       49         1

        CLASS   ABS1           

        CLASS   BIGRAM         

        CLASS   RAM            

        CLASS   BANK0          
                cstackBANK0                          60       60       23         1

        CLASS   BANK1          

        CLASS   BANK2          

        CLASS   BANK3          

        CLASS   BANK4          

        CLASS   BANK5          

        CLASS   BANK6          

        CLASS   BANK7          

        CLASS   SFR            

        CLASS   CONFIG         
                config                           300000   300000        E         4

        CLASS   IDLOC          
                idloc                            200000   200000        8         5

        CLASS   FARRAM         

        CLASS   EEDATA         



SEGMENTS        Name                           Load    Length   Top    Selector   Space  Class

                reset_vec                      000000  000004  000004         0       0  CODE    
                cstackCOMRAM                   000001  00004A  00004B         1       1  COMRAM  
                intcodelo                      000018  0000D4  0000EC         C       0  CODE    
                cstackBANK0                    000060  000023  000083        60       1  BANK0   
                smallconst                     000800  000016  000816       400       0  SMALLCON
                text3                          000816  000F80  001796       40B       0  CODE    


UNUSED ADDRESS RANGES

        Name                Unused          Largest block    Delta
        BANK0            000083-0000FF               7D
        BANK1            000100-0001FF              100
        BANK2            000200-0002FF              100
        BANK3            000300-0003FF              100
        BANK4            000400-0004FF              100
        BANK5            000500-0005FF              100
        BANK6            000600-0006FF              100
        BANK7            000700-0007FF              100
        BIGRAM           00004B-00005F               15
                         000083-0007FF              77D
        CODE             000004-000017               14
                         0000EC-0007FF              714
                         001796-007FFF             686A
        COMRAM           00004B-00005F               15
        CONST            000004-000017               14
                         0000EC-0007FF              714
                         001796-007FFF             686A
        EEDATA           F00000-F000FF              100
        MEDIUMCONST      001796-007FFF             686A
        RAM              000083-0007FF              100
        SFR              000F60-000FFF               A0
        SMALLCONST       001796-007FFF              100
        STACK            000083-0007FF              77D

                                  Symbol Table

?___fldiv                cstackCOMRAM 00003C
?___flmul                cstackCOMRAM 000023
?___fltol                cstackBANK0  00006D
?___xxtofl               cstackCOMRAM 000015
?_decenas                cstackCOMRAM 000001
?_unidades               cstackCOMRAM 000001
_ADCON0bits              (abs)        000FC2
_ADCON1bits              (abs)        000FC1
_ADCON2bits              (abs)        000FC0
_ADRESH                  (abs)        000FC4
_ADRESL                  (abs)        000FC3
_INTCON2bits             (abs)        000FF1
_INTCONbits              (abs)        000FF2
_PORTA                   (abs)        000F80
_PORTAbits               (abs)        000F80
_PORTBbits               (abs)        000F81
_PORTC                   (abs)        000F82
_PORTD                   (abs)        000F83
_PORTE                   (abs)        000F84
_PORTEbits               (abs)        000F84
_RCONbits                (abs)        000FD0
_TRISA                   (abs)        000F92
_TRISB                   (abs)        000F93
_TRISC                   (abs)        000F94
_TRISD                   (abs)        000F95
_TRISE                   (abs)        000F96
__HRAM                   (abs)        000000
__Habs1                  abs1         000000
__Hbank0                 bank0        000000
__Hbank1                 bank1        000000
__Hbank2                 bank2        000000
__Hbank3                 bank3        000000
__Hbank4                 bank4        000000
__Hbank5                 bank5        000000
__Hbank6                 bank6        000000
__Hbank7                 bank7        000000
__Hbigbss                bigbss       000000
__Hbigdata               bigdata      000000
__Hbigram                bigram       000000
__Hbss                   bss          000000
__Hcinit                 cinit        000000
__Hclrtext               clrtext      000000
__Hcomram                comram       000000
__Hconfig                config       30000E
__Hconst                 const        000000
__HcstackBANK0           cstackBANK0  000000
__HcstackCOMRAM          cstackCOMRAM 000000
__Hdata                  data         000000
__Heeprom_data           eeprom_data  000000
__Hfarbss                farbss       000000
__Hfardata               fardata      000000
__Hibigdata              ibigdata     000000
__Hidata                 idata        000000
__Hidloc                 idloc        200008
__Hifardata              ifardata     000000
__Hinit                  init         0000EC
__Hintcode               intcode      000004
__Hintcode_body          intcode_body 000000
__Hintcodelo             intcodelo    0000E8
__Hintentry              intentry     000000
__Hintret                intret       000000
__Hintsave_regs          intsave_regs 000000
__Hirdata                irdata       000000
__Hmediumconst           mediumconst  000000
__HnvFARRAM              nvFARRAM     000000
__Hnvbit                 nvbit        000000
__Hnvrram                nvrram       000000
__Hparam                 rparam       000000
__Hpowerup               powerup      0000E8
__Hram                   ram          000000
__Hramtop                ramtop       000800
__Hrbit                  rbit         000000
__Hrbss                  rbss         000000
__Hrdata                 rdata        000000
__Hreset_vec             reset_vec    000004
__Hrparam                rparam       000000
__Hsfr                   sfr          000000
__Hsmallconst            smallconst   000816
__Hspace_0               (abs)        001796
__Hspace_1               (abs)        000083
__Hspace_2               (abs)        000000
__Hspace_4               (abs)        60000E
__Hstack                 stack        000000
__Hstruct                struct       000000
__Htemp                  temp         00004B
__Htext                  text         000000
__Htext0                 text0        000000
__Htext1                 text1        000000
__Htext2                 text2        000000
__Htext3                 text3        000000
__Htext4                 text4        000000
__Htext6                 text6        000000
__Htext7                 text7        000000
__LRAM                   (abs)        000001
__Labs1                  abs1         000000
__Lbank0                 bank0        000000
__Lbank1                 bank1        000000
__Lbank2                 bank2        000000
__Lbank3                 bank3        000000
__Lbank4                 bank4        000000
__Lbank5                 bank5        000000
__Lbank6                 bank6        000000
__Lbank7                 bank7        000000
__Lbigbss                bigbss       000000
__Lbigdata               bigdata      000000
__Lbigram                bigram       000000
__Lbss                   bss          000000
__Lcinit                 cinit        000000
__Lclrtext               clrtext      000000
__Lcomram                comram       000000
__Lconfig                config       000000
__Lconst                 const        000000
__LcstackBANK0           cstackBANK0  000000
__LcstackCOMRAM          cstackCOMRAM 000000
__Ldata                  data         000000
__Leeprom_data           eeprom_data  000000
__Lfarbss                farbss       000000
__Lfardata               fardata      000000
__Libigdata              ibigdata     000000
__Lidata                 idata        000000
__Lidloc                 idloc        000000
__Lifardata              ifardata     000000
__Linit                  init         0000E8
__Lintcode               intcode      000004
__Lintcode_body          intcode_body 000000
__Lintcodelo             intcodelo    000018
__Lintentry              intentry     000000
__Lintret                intret       000000
__Lintsave_regs          intsave_regs 000000
__Lirdata                irdata       000000
__Lmediumconst           mediumconst  000000
__LnvFARRAM              nvFARRAM     000000
__Lnvbit                 nvbit        000000
__Lnvrram                nvrram       000000
__Lparam                 rparam       000000
__Lpowerup               powerup      0000E8
__Lram                   ram          000000
__Lramtop                ramtop       000800
__Lrbit                  rbit         000000
__Lrbss                  rbss         000000
__Lrdata                 rdata        000000
__Lreset_vec             reset_vec    000000
__Lrparam                rparam       000000
__Lsfr                   sfr          000000
__Lsmallconst            smallconst   000800
__Lspace_0               (abs)        000000
__Lspace_1               (abs)        000000
__Lspace_2               (abs)        000000
__Lspace_4               (abs)        000000
__Lstack                 stack        000000
__Lstruct                struct       000000
__Ltemp                  temp         00004A
__Ltext                  text         000000
__Ltext0                 text0        000000
__Ltext1                 text1        000000
__Ltext2                 text2        000000
__Ltext3                 text3        000000
__Ltext4                 text4        000000
__Ltext6                 text6        000000
__Ltext7                 text7        000000
__S0                     (abs)        001796
__S1                     (abs)        000083
__S2                     (abs)        000000
__S4                     (abs)        000000
__S5                     (abs)        000000
___fldiv                 text4        000C40
___fldiv@a               cstackCOMRAM 000040
___fldiv@aexp            cstackBANK0  00006C
___fldiv@b               cstackCOMRAM 00003C
___fldiv@bexp            cstackBANK0  00006B
___fldiv@grs             cstackBANK0  000067
___fldiv@new_exp         cstackBANK0  000065
___fldiv@rem             cstackBANK0  000060
___fldiv@sign            cstackBANK0  000064
___flmul                 text3        000816
___flmul@a               cstackCOMRAM 000027
___flmul@aexp            cstackCOMRAM 000034
___flmul@b               cstackCOMRAM 000023
___flmul@bexp            cstackCOMRAM 000035
___flmul@grs             cstackCOMRAM 000030
___flmul@prod            cstackCOMRAM 000036
___flmul@sign            cstackCOMRAM 00002F
___flmul@temp            cstackCOMRAM 00003A
___fltol                 text2        00167C
___fltol@exp1            cstackCOMRAM 000049
___fltol@f1              cstackBANK0  00006D
___fltol@sign1           cstackCOMRAM 000048
___inthi_sp              stack        000000
___intlo_sp              stack        000000
___param_bank            (abs)        000000
___rparam_used           (abs)        000001
___sp                    stack        000000
___xxtofl                text1        001230
___xxtofl@arg            cstackCOMRAM 00001F
___xxtofl@exp            cstackCOMRAM 00001E
___xxtofl@sign           cstackCOMRAM 00001D
___xxtofl@val            cstackCOMRAM 000015
__accesstop              (abs)        000060
__activetblptr           (abs)        000001
__end_of___fldiv         text4        000FDC
__end_of___flmul         text3        000C40
__end_of___fltol         text2        001784
__end_of___xxtofl        text1        0013E4
__end_of__initialization cinit        001784
__end_of_decenas         text7        00167C
__end_of_display         smallconst   000815
__end_of_main            text0        001230
__end_of_teclado         intcodelo    0000E8
__end_of_unidades        text6        001530
__initialization         cinit        001784
__mediumconst            mediumconst  000000
__pcinit                 cinit        001784
__pcstackBANK0           cstackBANK0  000060
__pcstackCOMRAM          cstackCOMRAM 000001
__pintcodelo             intcodelo    000018
__psmallconst            smallconst   000800
__ptext0                 text0        000FDC
__ptext1                 text1        001230
__ptext2                 text2        00167C
__ptext3                 text3        000816
__ptext4                 text4        000C40
__ptext6                 text6        0013E4
__ptext7                 text7        001530
__ramtop                 ramtop       000800
__size_of___fldiv        (abs)        000000
__size_of___flmul        (abs)        000000
__size_of___fltol        (abs)        000000
__size_of___xxtofl       (abs)        000000
__size_of_decenas        (abs)        000000
__size_of_main           (abs)        000000
__size_of_teclado        (abs)        000000
__size_of_unidades       (abs)        000000
__smallconst             smallconst   000800
_decenas                 text7        001530
_display                 smallconst   000801
_main                    text0        000FDC
_teclado                 intcodelo    000018
_unidades                text6        0013E4
btemp                    temp         00004A
decenas@i                cstackCOMRAM 000005
decenas@sal              cstackCOMRAM 000007
end_of_initialization    cinit        001784
int$flags                temp         00004A
intlevel0                text         000000
intlevel1                text         000000
intlevel2                text         000000
intlevel3                text         000000
main@adc                 cstackBANK0  00007F
main@i                   cstackBANK0  000081
main@i_601               cstackBANK0  00007D
main@temp                cstackBANK0  000077
main@volt                cstackBANK0  000079
stackhi                  (abs)        0007FF
stacklo                  (abs)        000083
start                    init         0000E8
start_initialization     cinit        001784
teclado@a                cstackCOMRAM 00000F
teclado@cont             cstackCOMRAM 000013
teclado@j                cstackCOMRAM 000011
ttemp5                   temp         00004B
ttemp6                   temp         00004E
ttemp7                   temp         000052
unidades@i               cstackCOMRAM 000005
unidades@salida          cstackCOMRAM 000007
wtemp8                   temp         00004B


FUNCTION INFORMATION:

 *************** function _main *****************
 Defined at:
		line 19 in file "interrupciones2.c"
 Parameters:    Size  Location     Type
		None
 Auto vars:     Size  Location     Type
  i               2   29[BANK0 ] int 
  i               2   33[BANK0 ] int 
  volt            4   25[BANK0 ] float 
  adc             2   31[BANK0 ] int 
  temp            2   23[BANK0 ] int 
 Return value:  Size  Location     Type
                  1    wreg      void 
 Registers used:
		wreg, status,2, status,0, tblptrl, tblptrh, tblptru, prodl, prodh, cstack
 Tracked objects:
		On entry : 
		On exit  : 
		Unchanged: 
 Data sizes:     COMRAM   BANK0   BANK1   BANK2   BANK3   BANK4   BANK5   BANK6   BANK7
      Params:         0       0       0       0       0       0       0       0       0
      Locals:         0      12       0       0       0       0       0       0       0
      Temps:          0       2       0       0       0       0       0       0       0
      Totals:         0      14       0       0       0       0       0       0       0
Total ram usage:       14 bytes
 Hardware stack levels required when called:    3
 This function calls:
		___fldiv
		___flmul
		___fltol
		___xxtofl
 This function is called by:
		Startup code after reset
 This function uses a non-reentrant model


 *************** function ___xxtofl *****************
 Defined at:
		line 10 in file "C:\Program Files\Microchip\xc8\v2.20\pic\sources\c99\common\xxtofl.c"
 Parameters:    Size  Location     Type
  sign            1    wreg     unsigned char 
  val             4   20[COMRAM] long 
 Auto vars:     Size  Location     Type
  sign            1   28[COMRAM] unsigned char 
  arg             4   30[COMRAM] unsigned long 
  exp             1   29[COMRAM] unsigned char 
 Return value:  Size  Location     Type
                  4   20[COMRAM] unsigned char 
 Registers used:
		wreg, status,2, status,0
 Tracked objects:
		On entry : 
		On exit  : 
		Unchanged: 
 Data sizes:     COMRAM   BANK0   BANK1   BANK2   BANK3   BANK4   BANK5   BANK6   BANK7
      Params:         4       0       0       0       0       0       0       0       0
      Locals:         6       0       0       0       0       0       0       0       0
      Temps:          4       0       0       0       0       0       0       0       0
      Totals:        14       0       0       0       0       0       0       0       0
Total ram usage:       14 bytes
 Hardware stack levels used:    1
 Hardware stack levels required when called:    2
 This function calls:
		Nothing
 This function is called by:
		_main
 This function uses a non-reentrant model


 *************** function ___fltol *****************
 Defined at:
		line 43 in file "C:\Program Files\Microchip\xc8\v2.20\pic\sources\c99\common\fltol.c"
 Parameters:    Size  Location     Type
  f1              4   13[BANK0 ] unsigned char 
 Auto vars:     Size  Location     Type
  exp1            1   72[COMRAM] unsigned char 
  sign1           1   71[COMRAM] unsigned char 
 Return value:  Size  Location     Type
                  4   13[BANK0 ] long 
 Registers used:
		wreg, status,2, status,0
 Tracked objects:
		On entry : 
		On exit  : 
		Unchanged: 
 Data sizes:     COMRAM   BANK0   BANK1   BANK2   BANK3   BANK4   BANK5   BANK6   BANK7
      Params:         0       4       0       0       0       0       0       0       0
      Locals:         2       0       0       0       0       0       0       0       0
      Temps:          0       4       0       0       0       0       0       0       0
      Totals:         2       8       0       0       0       0       0       0       0
Total ram usage:       10 bytes
 Hardware stack levels used:    1
 Hardware stack levels required when called:    2
 This function calls:
		Nothing
 This function is called by:
		_main
 This function uses a non-reentrant model


 *************** function ___flmul *****************
 Defined at:
		line 8 in file "C:\Program Files\Microchip\xc8\v2.20\pic\sources\c99\common\sprcmul.c"
 Parameters:    Size  Location     Type
  b               4   34[COMRAM] long 
  a               4   38[COMRAM] long 
 Auto vars:     Size  Location     Type
  prod            4   53[COMRAM] struct .
  grs             4   47[COMRAM] unsigned long 
  temp            2   57[COMRAM] struct .
  bexp            1   52[COMRAM] unsigned char 
  aexp            1   51[COMRAM] unsigned char 
  sign            1   46[COMRAM] unsigned char 
 Return value:  Size  Location     Type
                  4   34[COMRAM] unsigned char 
 Registers used:
		wreg, status,2, status,0, prodl, prodh
 Tracked objects:
		On entry : 
		On exit  : 
		Unchanged: 
 Data sizes:     COMRAM   BANK0   BANK1   BANK2   BANK3   BANK4   BANK5   BANK6   BANK7
      Params:         8       0       0       0       0       0       0       0       0
      Locals:        13       0       0       0       0       0       0       0       0
      Temps:          4       0       0       0       0       0       0       0       0
      Totals:        25       0       0       0       0       0       0       0       0
Total ram usage:       25 bytes
 Hardware stack levels used:    1
 Hardware stack levels required when called:    2
 This function calls:
		Nothing
 This function is called by:
		_main
 This function uses a non-reentrant model


 *************** function ___fldiv *****************
 Defined at:
		line 11 in file "C:\Program Files\Microchip\xc8\v2.20\pic\sources\c99\common\sprcdiv.c"
 Parameters:    Size  Location     Type
  b               4   59[COMRAM] unsigned char 
  a               4   63[COMRAM] unsigned char 
 Auto vars:     Size  Location     Type
  grs             4    7[BANK0 ] unsigned long 
  rem             4    0[BANK0 ] unsigned long 
  new_exp         2    5[BANK0 ] short 
  aexp            1   12[BANK0 ] unsigned char 
  bexp            1   11[BANK0 ] unsigned char 
  sign            1    4[BANK0 ] unsigned char 
 Return value:  Size  Location     Type
                  4   59[COMRAM] unsigned char 
 Registers used:
		wreg, status,2, status,0
 Tracked objects:
		On entry : 
		On exit  : 
		Unchanged: 
 Data sizes:     COMRAM   BANK0   BANK1   BANK2   BANK3   BANK4   BANK5   BANK6   BANK7
      Params:         8       0       0       0       0       0       0       0       0
      Locals:         0      13       0       0       0       0       0       0       0
      Temps:          4       0       0       0       0       0       0       0       0
      Totals:        12      13       0       0       0       0       0       0       0
Total ram usage:       25 bytes
 Hardware stack levels used:    1
 Hardware stack levels required when called:    2
 This function calls:
		Nothing
 This function is called by:
		_main
 This function uses a non-reentrant model


 *************** function _teclado *****************
 Defined at:
		line 122 in file "interrupciones2.c"
 Parameters:    Size  Location     Type
		None
 Auto vars:     Size  Location     Type
  cont            2   18[COMRAM] int 
  j               2   16[COMRAM] int 
  a               2   14[COMRAM] int 
 Return value:  Size  Location     Type
                  1    wreg      void 
 Registers used:
		wreg, status,2, status,0, tblptrl, tblptrh, tblptru, cstack
 Tracked objects:
		On entry : 
		On exit  : 
		Unchanged: 
 Data sizes:     COMRAM   BANK0   BANK1   BANK2   BANK3   BANK4   BANK5   BANK6   BANK7
      Params:         0       0       0       0       0       0       0       0       0
      Locals:         6       0       0       0       0       0       0       0       0
      Temps:          7       0       0       0       0       0       0       0       0
      Totals:        13       0       0       0       0       0       0       0       0
Total ram usage:       13 bytes
 Hardware stack levels used:    1
 Hardware stack levels required when called:    1
 This function calls:
		_decenas
		_unidades
 This function is called by:
		Interrupt level 1
 This function uses a non-reentrant model


 *************** function _unidades *****************
 Defined at:
		line 153 in file "interrupciones2.c"
 Parameters:    Size  Location     Type
		None
 Auto vars:     Size  Location     Type
  i               2    4[COMRAM] int 
  salida          1    6[COMRAM] unsigned char 
 Return value:  Size  Location     Type
                  2    0[COMRAM] int 
 Registers used:
		wreg, status,2, status,0, tblptrl, tblptrh, tblptru
 Tracked objects:
		On entry : 
		On exit  : 
		Unchanged: 
 Data sizes:     COMRAM   BANK0   BANK1   BANK2   BANK3   BANK4   BANK5   BANK6   BANK7
      Params:         2       0       0       0       0       0       0       0       0
      Locals:         3       0       0       0       0       0       0       0       0
      Temps:          2       0       0       0       0       0       0       0       0
      Totals:         7       0       0       0       0       0       0       0       0
Total ram usage:        7 bytes
 Hardware stack levels used:    1
 This function calls:
		Nothing
 This function is called by:
		_teclado
 This function uses a non-reentrant model


 *************** function _decenas *****************
 Defined at:
		line 191 in file "interrupciones2.c"
 Parameters:    Size  Location     Type
		None
 Auto vars:     Size  Location     Type
  i               2    4[COMRAM] int 
  sal             1    6[COMRAM] unsigned char 
 Return value:  Size  Location     Type
                  2    0[COMRAM] int 
 Registers used:
		wreg, status,2, status,0, tblptrl, tblptrh, tblptru
 Tracked objects:
		On entry : 
		On exit  : 
		Unchanged: 
 Data sizes:     COMRAM   BANK0   BANK1   BANK2   BANK3   BANK4   BANK5   BANK6   BANK7
      Params:         2       0       0       0       0       0       0       0       0
      Locals:         3       0       0       0       0       0       0       0       0
      Temps:          2       0       0       0       0       0       0       0       0
      Totals:         7       0       0       0       0       0       0       0       0
Total ram usage:        7 bytes
 Hardware stack levels used:    1
 This function calls:
		Nothing
 This function is called by:
		_teclado
 This function uses a non-reentrant model



MODULE INFORMATION

Module		Function		Class		Link	Load	Size
interrupciones2.c
		_main          		CODE           	0FDC	0000	597
		_unidades      		CODE           	13E4	0000	333
		_teclado       		CODE           	0018	0000	209
		_decenas       		CODE           	1530	0000	333

interrupciones2.c estimated size: 1472

shared
		_display       		SMALLCONST     	0801	0000	21
		__initialization		CODE           	1784	0000	1

shared estimated size: 22

C:\Program Files\Microchip\xc8\v2.20\pic\sources\c99\common\sprcmul.c
		___flmul       		CODE           	0816	0000	1067

C:\Program Files\Microchip\xc8\v2.20\pic\sources\c99\common\sprcmul.c estimated size: 1067

C:\Program Files\Microchip\xc8\v2.20\pic\sources\c99\common\sprcdiv.c
		___fldiv       		CODE           	0C40	0000	925

C:\Program Files\Microchip\xc8\v2.20\pic\sources\c99\common\sprcdiv.c estimated size: 925

C:\Program Files\Microchip\xc8\v2.20\pic\sources\c99\common\fltol.c
		___fltol       		CODE           	167C	0000	265

C:\Program Files\Microchip\xc8\v2.20\pic\sources\c99\common\fltol.c estimated size: 265

C:\Program Files\Microchip\xc8\v2.20\pic\sources\c99\common\xxtofl.c
		___xxtofl      		CODE           	1230	0000	437

C:\Program Files\Microchip\xc8\v2.20\pic\sources\c99\common\xxtofl.c estimated size: 437

